
> app-tasks@0.0.0 build
> vite build

[36mvite v7.3.1 [32mbuilding client environment for production...[36m[39m
transforming...
[32mÔ£ô[39m 2670 modules transformed.
rendering chunks...
node.exe : 
[33m[plugin 
vite:reporter] 
No C:\Program Files\nod
ejs\npm.ps1:29 
caractere:3
+   & $NODE_EXE 
$NPM_CLI_JS $args
+   ~~~~~~~~~~~~~~~~~~~
~~~~~~~~~~
    + CategoryInfo     
         : NotSpecifi  
  ed: ([33m[plugin    
 vite:reporter] :St    
ring) [], RemoteEx    
ception
    + FullyQualifiedEr 
   rorId : NativeComm  
  andError
 
(!) C:/Users/jonas/OneD
rive/Documentos/GABBIS/
BOTS/DailyWays/src/serv
ices/supabaseClient.js 
is dynamically 
imported by C:/Users/jo
nas/OneDrive/Documentos
/GABBIS/BOTS/DailyWays/
src/components/Settings
/SettingsView.jsx, C:/U
sers/jonas/OneDrive/Doc
umentos/GABBIS/BOTS/Dai
lyWays/src/components/S
ettings/SettingsView.js
x, C:/Users/jonas/OneDr
ive/Documentos/GABBIS/B
OTS/DailyWays/src/compo
nents/Settings/Settings
View.jsx but also 
statically imported by 
C:/Users/jonas/OneDrive
/Documentos/GABBIS/BOTS
/DailyWays/src/context/
AppContext.jsx, C:/User
s/jonas/OneDrive/Docume
ntos/GABBIS/BOTS/DailyW
ays/src/context/AuthCon
text.jsx, C:/Users/jona
s/OneDrive/Documentos/G
ABBIS/BOTS/DailyWays/sr
c/context/ThemeContext.
jsx, C:/Users/jonas/One
Drive/Documentos/GABBIS
/BOTS/DailyWays/src/ser
vices/boardService.js, 
C:/Users/jonas/OneDrive
/Documentos/GABBIS/BOTS
/DailyWays/src/services
/workspaceService.js, 
dynamic import will 
not move module into 
another chunk.
[39m
[33m[plugin 
vite:reporter] 
(!) C:/Users/jonas/OneD
rive/Documentos/GABBIS/
BOTS/DailyWays/src/serv
ices/boardService.js 
is dynamically 
imported by C:/Users/jo
nas/OneDrive/Documentos
/GABBIS/BOTS/DailyWays/
src/components/Layout/S
idebar.jsx, C:/Users/jo
nas/OneDrive/Documentos
/GABBIS/BOTS/DailyWays/
src/components/Layout/S
idebar.jsx but also 
statically imported by 
C:/Users/jonas/OneDrive
/Documentos/GABBIS/BOTS
/DailyWays/src/componen
ts/Layout/Sidebar.jsx, 
C:/Users/jonas/OneDrive
/Documentos/GABBIS/BOTS
/DailyWays/src/context/
AppContext.jsx, 
dynamic import will 
not move module into 
another chunk.
[39m
[33m[plugin 
vite:reporter] 
(!) C:/Users/jonas/OneD
rive/Documentos/GABBIS/
BOTS/DailyWays/src/serv
ices/workspaceService.j
s is dynamically 
imported by C:/Users/jo
nas/OneDrive/Documentos
/GABBIS/BOTS/DailyWays/
src/components/Layout/S
idebar.jsx, C:/Users/jo
nas/OneDrive/Documentos
/GABBIS/BOTS/DailyWays/
src/components/Layout/S
idebar.jsx, C:/Users/jo
nas/OneDrive/Documentos
/GABBIS/BOTS/DailyWays/
src/components/Layout/S
idebar.jsx, C:/Users/jo
nas/OneDrive/Documentos
/GABBIS/BOTS/DailyWays/
src/components/Layout/S
idebar.jsx, C:/Users/jo
nas/OneDrive/Documentos
/GABBIS/BOTS/DailyWays/
src/components/Layout/S
idebar.jsx, C:/Users/jo
nas/OneDrive/Documentos
/GABBIS/BOTS/DailyWays/
src/components/Layout/S
idebar.jsx, C:/Users/jo
nas/OneDrive/Documentos
/GABBIS/BOTS/DailyWays/
src/components/Layout/S
idebar.jsx, C:/Users/jo
nas/OneDrive/Documentos
/GABBIS/BOTS/DailyWays/
src/components/Layout/S
idebar.jsx, C:/Users/jo
nas/OneDrive/Documentos
/GABBIS/BOTS/DailyWays/
src/components/Layout/S
idebar.jsx, C:/Users/jo
nas/OneDrive/Documentos
/GABBIS/BOTS/DailyWays/
src/components/Layout/S
idebar.jsx, C:/Users/jo
nas/OneDrive/Documentos
/GABBIS/BOTS/DailyWays/
src/components/Layout/S
idebar.jsx, C:/Users/jo
nas/OneDrive/Documentos
/GABBIS/BOTS/DailyWays/
src/components/Layout/S
idebar.jsx, C:/Users/jo
nas/OneDrive/Documentos
/GABBIS/BOTS/DailyWays/
src/components/Spaces/S
paceView.jsx, C:/Users/
jonas/OneDrive/Document
os/GABBIS/BOTS/DailyWay
s/src/context/AppContex
t.jsx but also 
statically imported by 
C:/Users/jonas/OneDrive
/Documentos/GABBIS/BOTS
/DailyWays/src/context/
AppContext.jsx, 
dynamic import will 
not move module into 
another chunk.
[39m
computing gzip size...
[2mdist/[22m[32mindex.html                         [39m[1m[2m  0.65 kB[22m[1m[22m[2m Ôöé gzip:   0.42 kB[22m
[2mdist/[22m[32massets/Logo - Preto-CnC9Cbi0.png   [39m[1m[2m 40.27 kB[22m[1m[22m
[2mdist/[22m[32massets/Logo - Branco-DbvzE6sM.png  [39m[1m[2m 41.89 kB[22m[1m[22m
[2mdist/[22m[32massets/logo-BYV-X6cu.png           [39m[1m[2m 93.57 kB[22m[1m[22m
[2mdist/[22m[35massets/index-DPI97LP5.css          [39m[1m[2m139.15 kB[22m[1m[22m[2m Ôöé gzip:  21.91 kB[22m
[2mdist/[22m[36massets/AvatarCropper-OIq3PexR.js   [39m[1m[2m  3.11 kB[22m[1m[22m[2m Ôöé gzip:   1.49 kB[22m
[2mdist/[22m[36massets/index-Beq7OxeQ.js           [39m[1m[33m739.42 kB[39m[22m[2m Ôöé gzip: 214.55 kB[22m
[33m
(!) Some chunks are 
larger than 500 kB 
after minification. 
Consider:
- Using dynamic 
import() to code-split 
the application
- Use build.rollupOptio
ns.output.manualChunks 
to improve chunking: ht
tps://rollupjs.org/conf
iguration-options/#outp
ut-manualchunks
- Adjust chunk size 
limit for this warning 
via build.chunkSizeWarn
ingLimit.[39m
[32mÔ£ô built in 2.68s[39m
